// Jest Snapshot v1, https://goo.gl/fbAQLP

exports[`SocialMedia Component Snapshot Testing 1`] = `
<div
  className="makeStyles-root-1"
>
  <a
    href="/"
    onClick={[Function]}
  >
    <img
      alt="Vimal Menon"
      height="100%"
      src="test-file-stub"
      width="100%"
    />
  </a>
</div>
`;
